preparing judge clang for this machine
  clang (1 of 2)...
  clang (1 of 2): 5s
  wasm-ld (2 of 2)...
  wasm-ld (2 of 2): 3s
building /tmp/abyss-release-check-hna5v24w to wasm with judge clang
preparing judge clang for this machine
  clang (1 of 2)...
  clang (1 of 2): 0s
  wasm-ld (2 of 2)...
  wasm-ld (2 of 2): 0s
building /home/harshuiiuii/Projects/battlecode/baselines/hunter to wasm with judge clang
loaded wasm vs wasm in the judge's sandbox
seed 0x00000000000000d3
running round 2/500 --  last: 9ms  eta: 4.7s  dragons: 1 vs 1
round 21: bot 5 (team A) died: lost a head-to-head
round 21: bot 1 (team B) died: lost a head-to-head
round 27: bot 3 (team B) died: hit another dragon
round 35: bot 2 (team B) died: lost a head-to-head
round 35: bot 8 (team A) died: lost a head-to-head
round 41: bot 4 (team B) died: hit another dragon
round 47: bot 7 (team B) died: hit another dragon
running round 51/500 --  last: 10ms  eta: 2.6s  dragons: 2 vs 4
round 52: bot 11 (team A) died: lost a head-to-head
round 52: bot 10 (team B) died: lost a head-to-head
round 58: bot 6 (team B) died: lost a head-to-head
round 58: bot 15 (team A) died: lost a head-to-head
round 60: bot 0 (team A) died: lost a head-to-head
round 60: bot 12 (team B) died: lost a head-to-head
round 66: bot 9 (team B) died: lost a head-to-head
round 66: bot 14 (team A) died: lost a head-to-head
round 69: bot 13 (team B) died: hit itself
round 70: bot 16 (team B) died: hit a wall
round 74: bot 20 (team B) died: hit another dragon
round 78: bot 18 (team A) died: lost a head-to-head
round 78: bot 23 (team B) died: lost a head-to-head
round 79: bot 19 (team B) died: hit another dragon
round 81: bot 26 (team A) died: lost a head-to-head
round 81: bot 24 (team B) died: lost a head-to-head
round 88: bot 17 (team B) died: hit another dragon
round 94: bot 22 (team A) died: lost a head-to-head
round 94: bot 27 (team B) died: lost a head-to-head
round 97: bot 21 (team B) died: hit a wall
running round 101/500 --  last: 8ms  eta: 3.1s  dragons: 1 vs 4
round 107: bot 30 (team B) died: hit another dragon
round 113: bot 32 (team A) died: lost a head-to-head
round 113: bot 31 (team B) died: lost a head-to-head
round 120: bot 35 (team A) died: lost a head-to-head
round 120: bot 25 (team B) died: lost a head-to-head
round 128: bot 29 (team A) died: lost a head-to-head
round 128: bot 34 (team B) died: lost a head-to-head
round 131: bot 28 (team B) died: hit another dragon
round 131: bot 40 (team A) died: lost a head-to-head
round 131: bot 38 (team B) died: lost a head-to-head
round 137: bot 33 (team B) died: hit another dragon
round 143: bot 41 (team B) died: lost a head-to-head
round 143: bot 39 (team B) died: lost a head-to-head
round 145: bot 45 (team B) died: hit another dragon
round 147: bot 43 (team A) died: lost a head-to-head
round 147: bot 36 (team B) died: lost a head-to-head
running round 151/500 --  last: 7ms  eta: 3.1s  dragons: 1 vs 4
round 152: bot 37 (team A) died: lost a head-to-head
round 152: bot 42 (team B) died: lost a head-to-head
team B wins after 153 rounds (by elimination) (1.4s)
team A points per turn: p50 10.8M  p99 18.9M  mean 11.4M  max 19.6M  (203 turns)
team B points per turn: p50 4.7M  p99 5.8M  mean 4.8M  max 5.9M  (582 turns)
wrote replay: /home/harshuiiuii/Projects/battlecode/evaluations/packaged-smoke.replay
