  1 arena               11 A vs baselines/hunter: 1 (186 rounds), cumulative 100.0%
  2 arena               11 B vs baselines/hunter: 0 (38 rounds), cumulative 50.0%
  3 arena               29 A vs baselines/hunter: 0 (39 rounds), cumulative 33.3%
  4 arena               29 B vs baselines/hunter: 0 (43 rounds), cumulative 25.0%
  5 default_small       11 A vs baselines/hunter: 0 (339 rounds), cumulative 20.0%
  6 default_small       11 B vs baselines/hunter: 0 (345 rounds), cumulative 16.7%
  7 default_small       29 A vs baselines/hunter: 1 (419 rounds), cumulative 28.6%
  8 default_small       29 B vs baselines/hunter: 0 (367 rounds), cumulative 25.0%
  9 autarky             11 A vs baselines/hunter: 1 (500 rounds), cumulative 33.3%
 10 autarky             11 B vs baselines/hunter: 0 (500 rounds), cumulative 30.0%
 11 autarky             29 A vs baselines/hunter: 0 (500 rounds), cumulative 27.3%
 12 autarky             29 B vs baselines/hunter: 1 (500 rounds), cumulative 33.3%
 13 devil               11 A vs baselines/hunter: 1 (500 rounds), cumulative 38.5%
 14 devil               11 B vs baselines/hunter: 0 (367 rounds), cumulative 35.7%
 15 devil               29 A vs baselines/hunter: 1 (446 rounds), cumulative 40.0%
 16 devil               29 B vs baselines/hunter: 1 (117 rounds), cumulative 43.8%
 17 dilemma             11 A vs baselines/hunter: 1 (500 rounds), cumulative 47.1%
 18 dilemma             11 B vs baselines/hunter: 0 (182 rounds), cumulative 44.4%
 19 dilemma             29 A vs baselines/hunter: 1 (500 rounds), cumulative 47.4%
 20 dilemma             29 B vs baselines/hunter: 0 (500 rounds), cumulative 45.0%
 21 stronghold          11 A vs baselines/hunter: 0 (500 rounds), cumulative 42.9%
 22 stronghold          11 B vs baselines/hunter: 0 (500 rounds), cumulative 40.9%
 23 stronghold          29 A vs baselines/hunter: 0 (500 rounds), cumulative 39.1%
 24 stronghold          29 B vs baselines/hunter: 0 (500 rounds), cumulative 37.5%
 25 arena               11 A vs baselines/initial: 1 (63 rounds), cumulative 40.0%
 26 arena               11 B vs baselines/initial: 1 (26 rounds), cumulative 42.3%
 27 arena               29 A vs baselines/initial: 1 (30 rounds), cumulative 44.4%
 28 arena               29 B vs baselines/initial: 1 (105 rounds), cumulative 46.4%
 29 default_small       11 A vs baselines/initial: 1 (500 rounds), cumulative 48.3%
 30 default_small       11 B vs baselines/initial: 1 (213 rounds), cumulative 50.0%
 31 default_small       29 A vs baselines/initial: 1 (59 rounds), cumulative 51.6%
 32 default_small       29 B vs baselines/initial: 1 (444 rounds), cumulative 53.1%
 33 autarky             11 A vs baselines/initial: 1 (500 rounds), cumulative 54.5%
 34 autarky             11 B vs baselines/initial: 0 (500 rounds), cumulative 52.9%
 35 autarky             29 A vs baselines/initial: 0 (500 rounds), cumulative 51.4%
 36 autarky             29 B vs baselines/initial: 0 (500 rounds), cumulative 50.0%
 37 devil               11 A vs baselines/initial: 1 (500 rounds), cumulative 51.4%
 38 devil               11 B vs baselines/initial: 0 (500 rounds), cumulative 50.0%
 39 devil               29 A vs baselines/initial: 1 (500 rounds), cumulative 51.3%
 40 devil               29 B vs baselines/initial: 1 (500 rounds), cumulative 52.5%
 41 dilemma             11 A vs baselines/initial: 0 (500 rounds), cumulative 51.2%
 42 dilemma             11 B vs baselines/initial: 1 (500 rounds), cumulative 52.4%
 43 dilemma             29 A vs baselines/initial: 0 (500 rounds), cumulative 51.2%
 44 dilemma             29 B vs baselines/initial: 1 (359 rounds), cumulative 52.3%
 45 stronghold          11 A vs baselines/initial: 1 (500 rounds), cumulative 53.3%
 46 stronghold          11 B vs baselines/initial: 1 (500 rounds), cumulative 54.3%
 47 stronghold          29 A vs baselines/initial: 0 (500 rounds), cumulative 53.2%
 48 stronghold          29 B vs baselines/initial: 1 (500 rounds), cumulative 54.2%
{
  "games": 48,
  "score": 0.5416666666666666,
  "wins": 26,
  "draws": 0,
  "errors": 0
}
