Series 449342 the_best_team: 5 games
Series 453306 Lozer: 5 games
Series 453271 Lozer: 10 games
Series 450662 Hampter: 5 games
Series 453002 ITBLarping: 5 games
Series 451897 Lozer: 10 games
Series 451892 Lozer: 5 games
Series 448362 Lozer: 10 games
Series 440852 Brute Force: 5 games
Series 442177 Proof by Intimidation: 5 games
Series 443160 Lozer: 10 games
Series 437783 Lozer: 10 games
Series 433918 The Chudette Quartet: 5 games
Series 432638 one: 5 games
Series 436951 Lozer: 10 games
Series 434570 Lozer: 10 games
Series 426986 AI Warriors: 5 games
Series 425701 vc?: 5 games
Series 421981 tridev6509: 5 games
Series 419283 just bored: 5 games
Series 421908 tridev6509: 5 games
Series 420558 Wapow: 5 games
Series 421845 tridev6509: 5 games
Series 421835 tridev6509: 5 games
Series 417186 tridev6509: 5 games
Series 417047 tridev6509: 5 games
Series 417040 tridev6509: 5 games
Series 417017 tridev6509: 5 games
Series 415847 Low Cortisol: 5 games
Series 415802 Low Cortisol: 10 games
Series 412497 Kraken the Code: 5 games
Series 413797 #define int 龍龍: 5 games
Series 414716 blauerdrache: 10 games
Series 410691 AllRed: 10 games
Game 417018: Queen Of Spades / tridev6509 downloaded
Game 417044: Queen Of Spades / tridev6509 downloaded
Game 417187: Queen Of Spades / tridev6509 downloaded
Game 421846: Queen Of Spades / tridev6509 downloaded
Game 410691: Autarky / AllRed downloaded
Game 410692: Default / AllRed downloaded
Game 410693: Devil / AllRed downloaded
Game 410694: Portals / AllRed downloaded
Game 410695: Prisoners Dilemma / AllRed downloaded
Game 410696: Queen Of Spades / AllRed downloaded
Game 410697: Schooltime / AllRed downloaded
Game 410698: Slithery Fight / AllRed downloaded
Game 410699: Trauma / AllRed downloaded
Game 410700: Trophy / AllRed downloaded
Game 412497: Queen Of Spades / Kraken the Code downloaded
Game 412498: Prisoners Dilemma / Kraken the Code downloaded
Game 412499: Schooltime / Kraken the Code downloaded
Game 412500: Slithery Fight / Kraken the Code downloaded
Game 412501: Portals / Kraken the Code downloaded
Game 413797: Slithery Fight / #define int 龍龍 downloaded
Game 413798: Queen Of Spades / #define int 龍龍 downloaded
Game 413799: Schooltime / #define int 龍龍 downloaded
Game 413800: Trauma / #define int 龍龍 downloaded
Game 413801: Default / #define int 龍龍 downloaded
Game 414716: Autarky / blauerdrache downloaded
Game 414717: Default / blauerdrache downloaded
Game 414718: Devil / blauerdrache downloaded
Game 414719: Portals / blauerdrache downloaded
Game 414720: Prisoners Dilemma / blauerdrache downloaded
Game 414721: Queen Of Spades / blauerdrache downloaded
Game 414722: Schooltime / blauerdrache downloaded
Game 414723: Slithery Fight / blauerdrache downloaded
Game 414724: Trauma / blauerdrache downloaded
Game 414725: Trophy / blauerdrache downloaded
Game 415802: Autarky / Low Cortisol downloaded
Game 415803: Default / Low Cortisol downloaded
Game 415804: Devil / Low Cortisol downloaded
Game 415805: Portals / Low Cortisol downloaded
Game 415806: Prisoners Dilemma / Low Cortisol downloaded
Game 415807: Queen Of Spades / Low Cortisol downloaded
Game 415808: Schooltime / Low Cortisol downloaded
Game 415809: Slithery Fight / Low Cortisol downloaded
Game 415810: Trauma / Low Cortisol downloaded
Game 415811: Trophy / Low Cortisol downloaded
Game 415847: Trauma / Low Cortisol downloaded
Game 415848: Autarky / Low Cortisol downloaded
Game 415849: Default / Low Cortisol downloaded
Game 415850: Portals / Low Cortisol downloaded
Game 415851: Slithery Fight / Low Cortisol downloaded
Game 417017: Prisoners Dilemma / tridev6509 downloaded
Game 417019: Trophy / tridev6509 downloaded
Game 417020: Devil / tridev6509 downloaded
Game 417021: Portals / tridev6509 downloaded
Game 417040: Trophy / tridev6509 downloaded
Game 417041: Portals / tridev6509 downloaded
Game 417042: Schooltime / tridev6509 downloaded
Game 417043: Trauma / tridev6509 downloaded
Game 417047: Schooltime / tridev6509 downloaded
Game 417048: Trophy / tridev6509 downloaded
Game 417049: Portals / tridev6509 downloaded
Game 417050: Autarky / tridev6509 downloaded
Game 417051: Devil / tridev6509 downloaded
Game 417186: Devil / tridev6509 downloaded
Game 417188: Default / tridev6509 downloaded
Game 417189: Portals / tridev6509 downloaded
Game 417190: Autarky / tridev6509 downloaded
Game 419283: Devil / just bored downloaded
Game 419284: Queen Of Spades / just bored downloaded
Game 419285: Default / just bored downloaded
Game 419286: Prisoners Dilemma / just bored downloaded
Game 419287: Portals / just bored downloaded
Game 420558: Trauma / Wapow downloaded
Game 420559: Trophy / Wapow downloaded
Game 420560: Autarky / Wapow downloaded
Game 420561: Default / Wapow downloaded
Game 420562: Slithery Fight / Wapow downloaded
Game 421835: Schooltime / tridev6509 downloaded
Game 421836: Slithery Fight / tridev6509 downloaded
Game 421837: Default / tridev6509 downloaded
Game 421838: Trophy / tridev6509 downloaded
Game 421839: Autarky / tridev6509 downloaded
Game 421845: Devil / tridev6509 downloaded
Game 421847: Schooltime / tridev6509 downloaded
Game 421848: Default / tridev6509 downloaded
Game 421849: Portals / tridev6509 downloaded
Game 421908: Trophy / tridev6509 downloaded
Game 421909: Default / tridev6509 downloaded
Game 421910: Devil / tridev6509 downloaded
Game 421911: Slithery Fight / tridev6509 downloaded
Game 421912: Autarky / tridev6509 downloaded
Game 421981: Trauma / tridev6509 downloaded
Game 421982: Autarky / tridev6509 downloaded
Game 421983: Trophy / tridev6509 downloaded
Game 421984: Prisoners Dilemma / tridev6509 downloaded
Game 421985: Slithery Fight / tridev6509 downloaded
Game 425701: Devil / vc? downloaded
Game 425702: Autarky / vc? downloaded
Game 425703: Default / vc? downloaded
Game 425704: Portals / vc? downloaded
Game 425705: Queen Of Spades / vc? downloaded
Game 426986: Default / AI Warriors downloaded
Game 426987: Schooltime / AI Warriors downloaded
Game 426988: Autarky / AI Warriors downloaded
Game 426989: Queen Of Spades / AI Warriors downloaded
Game 426990: Trophy / AI Warriors downloaded
Game 432638: Trophy / one downloaded
Game 432639: Slithery Fight / one downloaded
Game 432640: Schooltime / one downloaded
Game 432641: Default / one downloaded
Game 432642: Devil / one downloaded
Game 433918: Trauma / The Chudette Quartet downloaded
Game 433919: Trophy / The Chudette Quartet downloaded
Game 433920: Prisoners Dilemma / The Chudette Quartet downloaded
Game 433921: Autarky / The Chudette Quartet downloaded
Game 433922: Portals / The Chudette Quartet downloaded
Game 434570: Autarky / Lozer downloaded
Game 434571: Default / Lozer downloaded
Game 434572: Devil / Lozer downloaded
Game 434573: Portals / Lozer downloaded
Game 434574: Prisoners Dilemma / Lozer downloaded
Game 434575: Queen Of Spades / Lozer downloaded
Game 434576: Schooltime / Lozer downloaded
Game 434577: Slithery Fight / Lozer downloaded
Game 434578: Trauma / Lozer downloaded
Game 434579: Trophy / Lozer downloaded
Game 436951: Autarky / Lozer downloaded
Game 436952: Default / Lozer downloaded
Game 436953: Devil / Lozer downloaded
Game 436954: Portals / Lozer downloaded
Game 436955: Prisoners Dilemma / Lozer downloaded
Game 436956: Queen Of Spades / Lozer downloaded
Game 436957: Schooltime / Lozer downloaded
Game 436958: Slithery Fight / Lozer downloaded
Game 436959: Trauma / Lozer downloaded
Game 436960: Trophy / Lozer downloaded
Game 437783: Autarky / Lozer downloaded
Game 437784: Default / Lozer downloaded
Game 437785: Devil / Lozer downloaded
Game 437786: Portals / Lozer downloaded
Game 437787: Prisoners Dilemma / Lozer downloaded
Game 437788: Queen Of Spades / Lozer downloaded
Game 437789: Schooltime / Lozer downloaded
Game 437790: Slithery Fight / Lozer downloaded
Game 437791: Trauma / Lozer downloaded
Game 437792: Trophy / Lozer downloaded
Game 440852: Devil / Brute Force downloaded
Game 440853: Portals / Brute Force downloaded
Game 440854: Slithery Fight / Brute Force downloaded
Game 440855: Prisoners Dilemma / Brute Force downloaded
Game 440856: Trophy / Brute Force downloaded
Game 442177: Devil / Proof by Intimidation downloaded
Game 442178: Default / Proof by Intimidation downloaded
Game 442179: Trauma / Proof by Intimidation downloaded
Game 442180: Autarky / Proof by Intimidation downloaded
Game 442181: Schooltime / Proof by Intimidation downloaded
Game 443160: Autarky / Lozer downloaded
Game 443161: Default / Lozer downloaded
Game 443162: Devil / Lozer downloaded
Game 443163: Portals / Lozer downloaded
Game 443164: Prisoners Dilemma / Lozer downloaded
Game 443165: Queen Of Spades / Lozer downloaded
Game 443166: Schooltime / Lozer downloaded
Game 443167: Slithery Fight / Lozer downloaded
Game 443168: Trauma / Lozer downloaded
Game 443169: Trophy / Lozer downloaded
Game 448362: Autarky / Lozer downloaded
Game 448363: Default / Lozer downloaded
Game 448364: Devil / Lozer downloaded
Game 448365: Portals / Lozer downloaded
Game 448366: Prisoners Dilemma / Lozer downloaded
Game 448367: Queen Of Spades / Lozer downloaded
Game 448368: Schooltime / Lozer downloaded
Game 448369: Slithery Fight / Lozer downloaded
Game 448370: Trauma / Lozer downloaded
Game 448371: Trophy / Lozer downloaded
Game 449343: Default / the_best_team downloaded
Game 450663: Slithery Fight / Hampter downloaded
Game 450664: Autarky / Hampter downloaded
Game 450665: Schooltime / Hampter downloaded
Game 451892: Trauma / Lozer downloaded
Game 451893: Queen Of Spades / Lozer downloaded
Game 451894: Trophy / Lozer downloaded
Game 451895: Autarky / Lozer downloaded
Game 451896: Default / Lozer downloaded
Game 451897: Autarky / Lozer downloaded
Game 451898: Default / Lozer downloaded
Game 451899: Devil / Lozer downloaded
Game 451900: Portals / Lozer downloaded
Game 451901: Prisoners Dilemma / Lozer downloaded
Game 451902: Queen Of Spades / Lozer downloaded
Game 451903: Schooltime / Lozer downloaded
Game 451904: Slithery Fight / Lozer downloaded
Game 451905: Trauma / Lozer downloaded
Game 451906: Trophy / Lozer downloaded
Game 453002: Default / ITBLarping downloaded
Game 453003: Prisoners Dilemma / ITBLarping downloaded
Game 453004: Portals / ITBLarping downloaded
Game 453005: Devil / ITBLarping downloaded
Game 453006: Slithery Fight / ITBLarping downloaded
Game 453271: Autarky / Lozer downloaded
Game 453272: Default / Lozer downloaded
Game 453273: Devil / Lozer downloaded
Game 453274: Portals / Lozer downloaded
Game 453275: Prisoners Dilemma / Lozer downloaded
Game 453276: Queen Of Spades / Lozer downloaded
Game 453277: Schooltime / Lozer downloaded
Game 453278: Slithery Fight / Lozer downloaded
Game 453279: Trauma / Lozer downloaded
Game 453280: Trophy / Lozer downloaded
Game 453306: Prisoners Dilemma / Lozer downloaded
Game 453307: Default / Lozer downloaded
Game 453308: Slithery Fight / Lozer downloaded
Game 453309: Portals / Lozer downloaded
Game 453310: Schooltime / Lozer downloaded
